Things to test 

mysql 
    all users added
    all servers added
    test all users password

sudo test
    su - root
    su - sadmin
    sudo ls
    sudo $SADMIN/bin/sadm_housekeeping_client.sh
    check file et permission

test web interface
    http://sadmin 
    Test adding and remove server

crontab file
    check crontab client file /etc/cron.d/sadmin_client
    check crontab server file /etc/cron.d/sadmin_server
    check file and permission

check sadmin config file
    are the response given have been changed 


MariaDB [(none)]> select User, Host, Password  from mysql.user;
+--------+-----------+-------------------------------------------+
| User   | Host      | Password                                  |
+--------+-----------+-------------------------------------------+
| root   | localhost |                                           |
| sadmin | localhost | *13713D30E5A0C731C2533E28F50DA82CE206C049 |
| squery | localhost | *BCA0C6EB378D6542C25ACA6A90DD8483C359AB79 |
+--------+-----------+-------------------------------------------+
3 rows in set (0.00 sec)

MariaDB [(none)]> delete fro mysql.user where user='sadmin';
ERROR 1046 (3D000): No database selected
MariaDB [(none)]> delete from mysql.user where user='sadmin';
Query OK, 1 row affected (0.00 sec)

MariaDB [(none)]> delete from mysql.user where user='squery';
Query OK, 1 row affected (0.00 sec)

MariaDB [(none)]> select User, Host, Password  from mysql.user;
+------+-----------+----------+
| User | Host      | Password |
+------+-----------+----------+
| root | localhost |          |
+------+-----------+----------+
1 row in set (0.00 sec)

MariaDB [(none)]> 
root@mdebian9:/opt/sadmin/setup# systemctl stop mariadb.service
root@mdebian9:/opt/sadmin/setup# ps -ef | grep maria
root      61247   1627  0 20:42 pts/0    00:00:00 grep maria
root@mdebian9:/opt/sadmin/setup# ps -ef | grep mysql
root      61249   1627  0 20:42 pts/0    00:00:00 grep mysql
root@mdebian9:/opt/sadmin/setup# mysqld_safe --skip-grant-tables --skip-networking &
[1] 61251
root@mdebian9:/opt/sadmin/setup# 180319 20:42:42 mysqld_safe Logging to syslog.
180319 20:42:42 mysqld_safe Starting mysqld daemon with databases from /var/lib/mysql
mysqld_safe --skip-grant-tables --skip-networking &
[2] 61432
root@mdebian9:/opt/sadmin/setup# 180319 20:42:45 mysqld_safe Logging to syslog.
180319 20:42:45 mysqld_safe A mysqld process already exists

[2]+  Exit 1                  mysqld_safe --skip-grant-tables --skip-networking
root@mdebian9:/opt/sadmin/setup# 
root@mdebian9:/opt/sadmin/setup# ps -ef | grep mysql
root      61251   1627  0 20:42 pts/0    00:00:00 /bin/bash /usr/bin/mysqld_safe --skip-grant-tables --skip-networking
mysql     61404  61251  1 20:42 pts/0    00:00:00 /usr/sbin/mysqld --basedir=/usr --datadir=/var/lib/mysql --plugin-dir=/usr/lib/x86_64-linux-gnu/mariadb18/plugin --user=mysql --skip-grant-tables --skip-networking --skip-log-error --pid-file=/var/run/mysqld/mysqld.pid --socket=/var/run/mysqld/mysqld.sock --port=3306
root      61405  61251  0 20:42 pts/0    00:00:00 logger -t mysqld -p daemon error
root      61569   1627  0 20:43 pts/0    00:00:00 grep mysql
root@mdebian9:/opt/sadmin/setup# mysql -u root
Welcome to the MariaDB monitor.  Commands end with ; or \g.
Your MariaDB connection id is 2
Server version: 10.1.26-MariaDB-0+deb9u1 Debian 9.1

Copyright (c) 2000, 2017, Oracle, MariaDB Corporation Ab and others.

Type 'help;' or '\h' for help. Type '\c' to clear the current input statement.

MariaDB [(none)]> update user set password=PASSWORD("coco") where User='root';
ERROR 1046 (3D000): No database selected
MariaDB [(none)]> use mysql;
Reading table information for completion of table and column names
You can turn off this feature to get a quicker startup with -A

Database changed
MariaDB [mysql]> update user set password=PASSWORD("coco") where User='root';
Query OK, 0 rows affected (0.00 sec)
Rows matched: 1  Changed: 0  Warnings: 0

MariaDB [mysql]> flush privileges;
Query OK, 0 rows affected (0.01 sec)

MariaDB [mysql]> quit
Bye
root@mdebian9:/opt/sadmin/setup# ps -ef | grep mysql
root      61251   1627  0 20:42 pts/0    00:00:00 /bin/bash /usr/bin/mysqld_safe --skip-grant-tables --skip-networking
mysql     61404  61251  0 20:42 pts/0    00:00:00 /usr/sbin/mysqld --basedir=/usr --datadir=/var/lib/mysql --plugin-dir=/usr/lib/x86_64-linux-gnu/mariadb18/plugin --user=mysql --skip-grant-tables --skip-networking --skip-log-error --pid-file=/var/run/mysqld/mysqld.pid --socket=/var/run/mysqld/mysqld.sock --port=3306
root      61405  61251  0 20:42 pts/0    00:00:00 logger -t mysqld -p daemon error
root      61573   1627  0 20:43 pts/0    00:00:00 grep mysql
root@mdebian9:/opt/sadmin/setup# kill -9 61251 61404 61405
root@mdebian9:/opt/sadmin/setup# ps -ef | grep mysql
root      63139   1627  0 20:44 pts/0    00:00:00 grep mysql
[1]+  Killed                  mysqld_safe --skip-grant-tables --skip-networking
root@mdebian9:/opt/sadmin/setup# ps -ef | grep mysql
root      66609   1627  0 20:44 pts/0    00:00:00 grep mysql
root@mdebian9:/opt/sadmin/setup# systemctl start mariadb.service
root@mdebian9:/opt/sadmin/setup# 




use mysql;
n off this feature to get a quicker startup with -A

Database changed
MariaDB [mysql]> SELECT sql_grants FROM common_schema.sql_show_grants;
ERROR 1146 (42S02): Table 'common_schema.sql_show_grants' doesn't exist
MariaDB [mysql]> select * from information_schema.user_privileges;
+--------------------+---------------+-------------------------+--------------+
| GRANTEE            | TABLE_CATALOG | PRIVILEGE_TYPE          | IS_GRANTABLE |
+--------------------+---------------+-------------------------+--------------+
| 'root'@'localhost' | def           | SELECT                  | YES          |
| 'root'@'localhost' | def           | INSERT                  | YES          |
| 'root'@'localhost' | def           | UPDATE                  | YES          |
| 'root'@'localhost' | def           | DELETE                  | YES          |
| 'root'@'localhost' | def           | CREATE                  | YES          |
| 'root'@'localhost' | def           | DROP                    | YES          |
| 'root'@'localhost' | def           | RELOAD                  | YES          |
| 'root'@'localhost' | def           | SHUTDOWN                | YES          |
| 'root'@'localhost' | def           | PROCESS                 | YES          |
| 'root'@'localhost' | def           | FILE                    | YES          |
| 'root'@'localhost' | def           | REFERENCES              | YES          |
| 'root'@'localhost' | def           | INDEX                   | YES          |
| 'root'@'localhost' | def           | ALTER                   | YES          |
| 'root'@'localhost' | def           | SHOW DATABASES          | YES          |
| 'root'@'localhost' | def           | SUPER                   | YES          |
| 'root'@'localhost' | def           | CREATE TEMPORARY TABLES | YES          |
| 'root'@'localhost' | def           | LOCK TABLES             | YES          |
| 'root'@'localhost' | def           | EXECUTE                 | YES          |
| 'root'@'localhost' | def           | REPLICATION SLAVE       | YES          |
| 'root'@'localhost' | def           | REPLICATION CLIENT      | YES          |
| 'root'@'localhost' | def           | CREATE VIEW             | YES          |
| 'root'@'localhost' | def           | SHOW VIEW               | YES          |
| 'root'@'localhost' | def           | CREATE ROUTINE          | YES          |
| 'root'@'localhost' | def           | ALTER ROUTINE           | YES          |
| 'root'@'localhost' | def           | CREATE USER             | YES          |
| 'root'@'localhost' | def           | EVENT                   | YES          |
| 'root'@'localhost' | def           | TRIGGER                 | YES          |
| 'root'@'localhost' | def           | CREATE TABLESPACE       | YES          |
+--------------------+---------------+-------------------------+--------------+
28 rows in set (0.00 sec)

MariaDB [mysql]> 
